<html>
<body>
<pre>
<h1>µVision Build Log</h1>
<h2>Tool Versions:</h2>
IDE-Version: ¦ÌVision V5.14.0.0
Copyright (C) 2015 ARM Ltd and ARM Germany GmbH. All rights reserved.
License Information: ya yaya, yoya, LIC=Z3CTG-V5BT7-661QS-L53Z9-NU0XE-SZ4HP
 
Tool Versions:
Toolchain:       MDK-ARM Professional  Version: 5.14.0.0
Toolchain Path:  C:\Keil_v5\ARM\ARMCC\Bin
C Compiler:      Armcc.exe V5.05 update 1 (build 106)
Assembler:       Armasm.exe V5.05 update 1 (build 106)
Linker/Locator:  ArmLink.exe V5.05 update 1 (build 106)
Library Manager: ArmAr.exe V5.05 update 1 (build 106)
Hex Converter:   FromElf.exe V5.05 update 1 (build 106)
CPU DLL:         SARMCM3.DLL V5.14.0.0
Dialog DLL:      DCM.DLL V1.13.1.0
Target DLL:      Segger\JL2CM3.dll V2.99.13.0
Dialog DLL:      TCM.DLL V1.14.4.0
 
<h2>Project:</h2>
Z:\data\svn\eBalancer\STM\stm_weigher.uvprojx
Project File Date:  08/12/2018

<h2>Output:</h2>
Rebuild target 'weigher'
assembling startup_stm32f10x_hd.s...
compiling main.c...
main.c(129): warning:  #1295-D: Deprecated declaration stopScale - give arg types
  void stopScale();
main.c(199): warning:  #223-D: function "memcpy" declared implicitly
                                                memcpy(&c_scaleWork, &g_rxBuffer1[3], sizeof(c_scaleWork));
main.c(240): warning:  #223-D: function "memcpy" declared implicitly
                                                memcpy(&c_scaleWork.scaler.busface, &g_rxBuffer1[3], sizeof(c_scaleWork.scaler.busface));
main.c(311): warning:  #223-D: function "rtu_ads_resolveData" declared implicitly
                                msv = rtu_ads_resolveData(g_rxBuffer2, g_rxCurrentIndex2, NULL);
main.c(532): warning:  #111-D: statement is unreachable
        return 0;
main.c(628): warning:  #223-D: function "memcpy" declared implicitly
                memcpy(&pbuf[3], pData, dataLen);
main.c(642): warning:  #1-D: last line of file ends without a newline
  }
main.c(612): warning:  #177-D: variable "c_printloop" was declared but never referenced
  static int32_t c_printloop = 10000;
main.c: 8 warnings, 0 errors
compiling stm32f10x_it.c...
stm32f10x_it.c(180): warning:  #223-D: function "memcpy" declared implicitly
                        memcpy(g_txBuffer1, g_rxBuffer1, g_txDataLen1);
stm32f10x_it.c: 1 warning, 0 errors
compiling SCRectifier.c...
compiling weigher.c...
compiling motor.c...
compiling exti.c...
exti.c(13): warning:  #177-D: variable "EXTI_InitStructure" was declared but never referenced
        EXTI_InitTypeDef EXTI_InitStructure;
exti.c: 1 warning, 0 errors
compiling flash.c...
compiling timer.c...
compiling core_cm3.c...
compiling system_stm32f10x.c...
compiling misc.c...
compiling stm32f10x_exti.c...
compiling stm32f10x_flash.c...
compiling stm32f10x_gpio.c...
compiling stm32f10x_rcc.c...
compiling stm32f10x_tim.c...
compiling stm32f10x_usart.c...
compiling led.c...
compiling modbus.c...
compiling usart.c...
linking...
Program Size: Code=9464 RO-data=860 RW-data=52 ZI-data=2036  
FromELF: creating hex file...
".\Objects\stm_weigher.axf" - 0 Error(s), 10 Warning(s).

<h2>Collection of Component include folders:</h2>
  Z:\data\svn\eBalancer\STM\RTE
  C:\Keil_v5\ARM\PACK\Keil\STM32F1xx_DFP\1.0.5\Device\Include

<h2>Collection of Component Files used:</h2>
</pre>
</body>
</html>
